SQL> COMMIT;

Commit complete.

SQL> SELECT * TITULACION;
SELECT * TITULACION
         *
ERROR at line 1:
ORA-00923: FROM keyword not found where expected 


SQL> SELECT * FROM TITULACION;

no rows selected

SQL> INSERT INTO TITULACION(T)
  2  SELECT DISTINCT T
  3  FROM ASIGNATURA;

4 rows created.

SQL> SELECT * FROM TITULACION;

T    FAC                                                                        
---- --------------------                                                       
GF                                                                              
GM                                                                              
GII                                                                             
MII                                                                             

SQL> UPDATE TITULACION;
UPDATE TITULACION
                *
ERROR at line 1:
ORA-00971: missing SET keyword 


SQL> UPDATE TITULACION
  2  SET FAC = 'ESIT' WHERE T = 'GII' OR T = 'MII';

2 rows updated.

SQL> UPDATE TITULACION
  2  SET FAC = 'FC' WHERE T = 'GF' OR T = 'GM';

2 rows updated.

SQL> SELECT * FROM TITULACION;

T    FAC                                                                        
---- --------------------                                                       
GF   FC                                                                         
GM   FC                                                                         
GII  ESIT                                                                       
MII  ESIT                                                                       

SQL> CREATE SYNONYM TIT FOR TITULACION;

Synonym created.

SQL> SELECT * FROM TIT;

T    FAC                                                                        
---- --------------------                                                       
GF   FC                                                                         
GM   FC                                                                         
GII  ESIT                                                                       
MII  ESIT                                                                       

SQL> ALTER TABLE ASIGNATURA
  2  ADD (CONSTRAINT FK_ASIGNATURA_TITULACION
  3  FOREIGN KEY(T)
  4  REFERENCES TITULACION (T)
  5  ON DELETE CASCADE);

Table altered.

SQL> ALTER TABLE TITULACION
  2  MODIFY T CHAR(6);
ALTER TABLE TITULACION
*
ERROR at line 1:
ORA-02292: integrity constraint (ALU0100951615.FK_ASIGNATURA_TITULACION) 
violated - child record found 


SQL> ALTER TABLE FK_ASIGNATURA_TITULACION
  2  MODIFY T CHAR(6);
ALTER TABLE FK_ASIGNATURA_TITULACION
*
ERROR at line 1:
ORA-00942: table or view does not exist 


SQL> ALTER TABLE ASIGNATURA
  2  DISABLE CONSTRAINT FK_ASIGNATURA_TITULACION;

Table altered.

SQL> ALTER TABLE TITULACION
  2  MODIFY T CHAR(6);

Table altered.

SQL> ALTER TABLE ASIGNATURA
  2  ENABLE CONSTRAINT FK_ASIGNATURA_TITULACION;

Table altered.

SQL> CREATE VIEW VISTA1
  2  AS SELECT CAS,A,T,CUR,CAR
  3  FROM ASIGNATURA;

View created.

SQL> SELECT * FROM VISTA1;

       CAS A                                                  T           CUR   
---------- -------------------------------------------------- ---- ----------   
       CAR                                                                      
----------                                                                      
         1 BASES DE DATOS                                     GII           3   
         7                                                                      
                                                                                
         2 INTELIGENCIA ARTIFICIAL                            GII           3   
         4                                                                      
                                                                                
         3 ALMACENES DE DATOS                                 MII           1   
         7                                                                      
                                                                                

       CAS A                                                  T           CUR   
---------- -------------------------------------------------- ---- ----------   
       CAR                                                                      
----------                                                                      
         4 MINERIA DE DATOS                                   MII           1   
         7                                                                      
                                                                                
         5 INFORMATICA BASICA                                 GII           1   
         7                                                                      
                                                                                
         6 ALGEBRA                                            GII           1   
         1                                                                      
                                                                                

       CAS A                                                  T           CUR   
---------- -------------------------------------------------- ---- ----------   
       CAR                                                                      
----------                                                                      
         7 CALCULO                                            GII           1   
         8                                                                      
                                                                                
         8 OPTIMIZACION                                       GII           1   
         6                                                                      
                                                                                
         9 GESTION DE RIESGOS                                 GII           3   
         4                                                                      
                                                                                

       CAS A                                                  T           CUR   
---------- -------------------------------------------------- ---- ----------   
       CAR                                                                      
----------                                                                      
        10 ASTRONOMIA                                         GF            2   
         3                                                                      
                                                                                
        11 ENSENANZA DE LA MATEMATICA                         GM            2   
         5                                                                      
                                                                                
        12 ANALISIS COMPLEJO                                  GM            4   
         2                                                                      
                                                                                

12 rows selected.

SQL> INSERT INTO VISTA1
  2  VALUES(13,'ESTADISTICA','GII',3,7);
INSERT INTO VISTA1
*
ERROR at line 1:
ORA-02291: integrity constraint (ALU0100951615.FK_ASIGNATURA_TITULACION) 
violated - parent key not found 


SQL> ALTER TABLE ASIGNATURA
  2  DISABLE CONSTRAINT FK_ASIGNATURA_TITULACION;

Table altered.

SQL> INSERT INTO VISTA1 VALUES(13,'ESTADISTICA','GII',3,7);

1 row created.

SQL> ALTER TABLE ASIGNATURA
  2  ENABLE CONSTRAINT FK_ASIGNATURA_TITULACION;

Table altered.

SQL> SELECT * FROM VISTA1;

       CAS A                                                  T           CUR   
---------- -------------------------------------------------- ---- ----------   
       CAR                                                                      
----------                                                                      
         1 BASES DE DATOS                                     GII           3   
         7                                                                      
                                                                                
         2 INTELIGENCIA ARTIFICIAL                            GII           3   
         4                                                                      
                                                                                
         3 ALMACENES DE DATOS                                 MII           1   
         7                                                                      
                                                                                

       CAS A                                                  T           CUR   
---------- -------------------------------------------------- ---- ----------   
       CAR                                                                      
----------                                                                      
         4 MINERIA DE DATOS                                   MII           1   
         7                                                                      
                                                                                
         5 INFORMATICA BASICA                                 GII           1   
         7                                                                      
                                                                                
         6 ALGEBRA                                            GII           1   
         1                                                                      
                                                                                

       CAS A                                                  T           CUR   
---------- -------------------------------------------------- ---- ----------   
       CAR                                                                      
----------                                                                      
         7 CALCULO                                            GII           1   
         8                                                                      
                                                                                
         8 OPTIMIZACION                                       GII           1   
         6                                                                      
                                                                                
         9 GESTION DE RIESGOS                                 GII           3   
         4                                                                      
                                                                                

       CAS A                                                  T           CUR   
---------- -------------------------------------------------- ---- ----------   
       CAR                                                                      
----------                                                                      
        10 ASTRONOMIA                                         GF            2   
         3                                                                      
                                                                                
        11 ENSENANZA DE LA MATEMATICA                         GM            2   
         5                                                                      
                                                                                
        12 ANALISIS COMPLEJO                                  GM            4   
         2                                                                      
                                                                                

       CAS A                                                  T           CUR   
---------- -------------------------------------------------- ---- ----------   
       CAR                                                                      
----------                                                                      
        13 ESTADISTICA                                        GII           3   
         7                                                                      
                                                                                

13 rows selected.

SQL> SELECT * FROM ASIGNATURA;

       CAS A                                                  T           CUR   
---------- -------------------------------------------------- ---- ----------   
       CAR         CT         CP         CL                                     
---------- ---------- ---------- ----------                                     
         1 BASES DE DATOS                                     GII           3   
         7          3        1.5        1.5                                     
                                                                                
         2 INTELIGENCIA ARTIFICIAL                            GII           3   
         4        1.5        1.5          3                                     
                                                                                
         3 ALMACENES DE DATOS                                 MII           1   
         7        1.5          0        1.5                                     
                                                                                

       CAS A                                                  T           CUR   
---------- -------------------------------------------------- ---- ----------   
       CAR         CT         CP         CL                                     
---------- ---------- ---------- ----------                                     
         4 MINERIA DE DATOS                                   MII           1   
         7        1.5          0        1.5                                     
                                                                                
         5 INFORMATICA BASICA                                 GII           1   
         7          3        1.5        1.5                                     
                                                                                
         6 ALGEBRA                                            GII           1   
         1          3          3          0                                     
                                                                                

       CAS A                                                  T           CUR   
---------- -------------------------------------------------- ---- ----------   
       CAR         CT         CP         CL                                     
---------- ---------- ---------- ----------                                     
         7 CALCULO                                            GII           1   
         8          3          3          0                                     
                                                                                
         8 OPTIMIZACION                                       GII           1   
         6          3        1.5        1.5                                     
                                                                                
         9 GESTION DE RIESGOS                                 GII           3   
         4          3          0          3                                     
                                                                                

       CAS A                                                  T           CUR   
---------- -------------------------------------------------- ---- ----------   
       CAR         CT         CP         CL                                     
---------- ---------- ---------- ----------                                     
        10 ASTRONOMIA                                         GF            2   
         3          3        1.5        1.5                                     
                                                                                
        11 ENSENANZA DE LA MATEMATICA                         GM            2   
         5          6          0          0                                     
                                                                                
        12 ANALISIS COMPLEJO                                  GM            4   
         2        4.5          3          0                                     
                                                                                

       CAS A                                                  T           CUR   
---------- -------------------------------------------------- ---- ----------   
       CAR         CT         CP         CL                                     
---------- ---------- ---------- ----------                                     
        13 ESTADISTICA                                        GII           3   
         7          0          0          0                                     
                                                                                

13 rows selected.

SQL> UPDATE VISTA1 SET CAR=6 WHERE CAS=13;

1 row updated.

SQL> SELECT * FROM VISTA1;

       CAS A                                                  T           CUR   
---------- -------------------------------------------------- ---- ----------   
       CAR                                                                      
----------                                                                      
         1 BASES DE DATOS                                     GII           3   
         7                                                                      
                                                                                
         2 INTELIGENCIA ARTIFICIAL                            GII           3   
         4                                                                      
                                                                                
         3 ALMACENES DE DATOS                                 MII           1   
         7                                                                      
                                                                                

       CAS A                                                  T           CUR   
---------- -------------------------------------------------- ---- ----------   
       CAR                                                                      
----------                                                                      
         4 MINERIA DE DATOS                                   MII           1   
         7                                                                      
                                                                                
         5 INFORMATICA BASICA                                 GII           1   
         7                                                                      
                                                                                
         6 ALGEBRA                                            GII           1   
         1                                                                      
                                                                                

       CAS A                                                  T           CUR   
---------- -------------------------------------------------- ---- ----------   
       CAR                                                                      
----------                                                                      
         7 CALCULO                                            GII           1   
         8                                                                      
                                                                                
         8 OPTIMIZACION                                       GII           1   
         6                                                                      
                                                                                
         9 GESTION DE RIESGOS                                 GII           3   
         4                                                                      
                                                                                

       CAS A                                                  T           CUR   
---------- -------------------------------------------------- ---- ----------   
       CAR                                                                      
----------                                                                      
        10 ASTRONOMIA                                         GF            2   
         3                                                                      
                                                                                
        11 ENSENANZA DE LA MATEMATICA                         GM            2   
         5                                                                      
                                                                                
        12 ANALISIS COMPLEJO                                  GM            4   
         2                                                                      
                                                                                

       CAS A                                                  T           CUR   
---------- -------------------------------------------------- ---- ----------   
       CAR                                                                      
----------                                                                      
        13 ESTADISTICA                                        GII           3   
         6                                                                      
                                                                                

13 rows selected.

SQL> CREATE VIEW VISTA2
  2  AS SELECT DISTINCT(DNI),A,T,CUR,CAR
  3  FROM PLAN_DOCENTE NATURAL JOIN VISTA1;

View created.

SQL> SELECT * FROM VISTA2;

       DNI A                                                  T           CUR   
---------- -------------------------------------------------- ---- ----------   
       CAR                                                                      
----------                                                                      
      6666 ASTRONOMIA                                         GF            2   
         3                                                                      
                                                                                
      3030 OPTIMIZACION                                       GII           1   
         6                                                                      
                                                                                
      3333 GESTION DE RIESGOS                                 GII           3   
         4                                                                      
                                                                                

       DNI A                                                  T           CUR   
---------- -------------------------------------------------- ---- ----------   
       CAR                                                                      
----------                                                                      
      4444 INFORMATICA BASICA                                 GII           1   
         7                                                                      
                                                                                
      2222 ALMACENES DE DATOS                                 MII           1   
         7                                                                      
                                                                                
      7777 ANALISIS COMPLEJO                                  GM            4   
         2                                                                      
                                                                                

       DNI A                                                  T           CUR   
---------- -------------------------------------------------- ---- ----------   
       CAR                                                                      
----------                                                                      
      9999 CALCULO                                            GII           1   
         8                                                                      
                                                                                
      1010 GESTION DE RIESGOS                                 GII           3   
         4                                                                      
                                                                                
      3333 INTELIGENCIA ARTIFICIAL                            GII           3   
         4                                                                      
                                                                                

       DNI A                                                  T           CUR   
---------- -------------------------------------------------- ---- ----------   
       CAR                                                                      
----------                                                                      
      4444 MINERIA DE DATOS                                   MII           1   
         7                                                                      
                                                                                
      8888 ENSENANZA DE LA MATEMATICA                         GM            2   
         5                                                                      
                                                                                
      1111 OPTIMIZACION                                       GII           1   
         6                                                                      
                                                                                

       DNI A                                                  T           CUR   
---------- -------------------------------------------------- ---- ----------   
       CAR                                                                      
----------                                                                      
      4444 BASES DE DATOS                                     GII           3   
         7                                                                      
                                                                                
      5555 ALGEBRA                                            GII           1   
         1                                                                      
                                                                                
      1010 INTELIGENCIA ARTIFICIAL                            GII           3   
         4                                                                      
                                                                                

       DNI A                                                  T           CUR   
---------- -------------------------------------------------- ---- ----------   
       CAR                                                                      
----------                                                                      
      2020 ALMACENES DE DATOS                                 MII           1   
         7                                                                      
                                                                                
      2222 MINERIA DE DATOS                                   MII           1   
         7                                                                      
                                                                                

17 rows selected.

SQL> UPDATE VISTA2 SET A='LITERATURA' WHERE A='MINERIA DE DATOS';
UPDATE VISTA2 SET A='LITERATURA' WHERE A='MINERIA DE DATOS'
       *
ERROR at line 1:
ORA-01732: data manipulation operation not legal on this view 


SQL> SELECT OWNER,VIEW_NAME,USER FROM ALL_VIEWS WHERE VIEW_NAME LIKE 'VISTA2';

OWNER                                                                           
--------------------------------------------------------------------------------
VIEW_NAME                                                                       
--------------------------------------------------------------------------------
USER                                                                            
--------------------------------------------------------------------------------
ALU0100951615                                                                   
VISTA2                                                                          
ALU0100951615                                                                   
                                                                                

SQL> DROP VIEW VISTA1;

View dropped.

SQL> SELECT * FROM VISTA2;
SELECT * FROM VISTA2
              *
ERROR at line 1:
ORA-04063: view "ALU0100951615.VISTA2" has errors 


SQL> ROLLBACK;

Rollback complete.

SQL> SELECT * FROM VISTA1;
SELECT * FROM VISTA1
              *
ERROR at line 1:
ORA-00942: table or view does not exist 


SQL> CREATE INDEX INDICE1 ON PROFESOR(P);

Index created.

SQL> 
SQL> 
SQL> SELECT DNI FROM PROFESOR WHERE P='JUAN';

       DNI                                                                      
----------                                                                      
      1111                                                                      

SQL> DROP INDEX INDICE1;

Index dropped.

SQL> CREATE INDEX INDICE2 ON VISTA1(CAR);
CREATE INDEX INDICE2 ON VISTA1(CAR)
                        *
ERROR at line 1:
ORA-00942: table or view does not exist 


SQL> GRANT SELECT ON DEPARTAMENTO TO ALUMNO;

Grant succeeded.

SQL> GRANT SELECT ON AREA TO ALUMNO;

Grant succeeded.

SQL> GRANT SELECT ON ASIGNATURA TO ALUMNO;

Grant succeeded.

SQL> GRANT SELECT ON TITULACION TO ALUMNO;

Grant succeeded.

SQL> GRANT INSERT,UPDATE,DELETE ON DEPARTAMENTO TO ALUMNO;

Grant succeeded.

SQL> GRANT INSERT,UPDATE,DELETE ON AREA TO ALUMNO;

Grant succeeded.

SQL> GRANT INSERT,UPDATE,DELETE ON ASIGNATURA TO ALUMNO;

Grant succeeded.

SQL> GRANT INSERT,UPDATE,DELETE ON TITULACION TO ALUMNO;

Grant succeeded.

SQL> COMMIT;

Commit complete.

SQL> REVOKE ALL PRIVILEGES ON DEPARTAMENTO FROM ALUMNO;

Revoke succeeded.

SQL> REVOKE ALL PRIVILEGES ON AREA FROM ALUMNO;

Revoke succeeded.

SQL> REVOKE ALL PRIVILEGES ON ASIGNATURA FROM ALUMNO;

Revoke succeeded.

SQL> REVOKE ALL PRIVILEGES ON TITULACION FROM ALUMNO;

Revoke succeeded.

SQL> SPOOL OFF;
